
Allocating common symbols
Common symbol       size              file

msTicks             0x4               ..\obj\main.o

Discarded input sections

 .text          0x00000000        0x0 ..\obj\stm32f4xx_pwr.o
 .data          0x00000000        0x0 ..\obj\stm32f4xx_pwr.o
 .bss           0x00000000        0x0 ..\obj\stm32f4xx_pwr.o
 .text.PWR_DeInit
                0x00000000       0x18 ..\obj\stm32f4xx_pwr.o
 .text.PWR_BackupAccessCmd
                0x00000000        0xc ..\obj\stm32f4xx_pwr.o
 .text.PWR_PVDLevelConfig
                0x00000000       0x14 ..\obj\stm32f4xx_pwr.o
 .text.PWR_PVDCmd
                0x00000000        0xc ..\obj\stm32f4xx_pwr.o
 .text.PWR_WakeUpPinCmd
                0x00000000        0xc ..\obj\stm32f4xx_pwr.o
 .text.PWR_BackupRegulatorCmd
                0x00000000        0xc ..\obj\stm32f4xx_pwr.o
 .text.PWR_MainRegulatorModeConfig
                0x00000000       0x20 ..\obj\stm32f4xx_pwr.o
 .text.PWR_FlashPowerDownCmd
                0x00000000        0xc ..\obj\stm32f4xx_pwr.o
 .text.PWR_EnterSTOPMode
                0x00000000       0x34 ..\obj\stm32f4xx_pwr.o
 .text.PWR_EnterSTANDBYMode
                0x00000000       0x28 ..\obj\stm32f4xx_pwr.o
 .text.PWR_GetFlagStatus
                0x00000000       0x14 ..\obj\stm32f4xx_pwr.o
 .text.PWR_ClearFlag
                0x00000000       0x10 ..\obj\stm32f4xx_pwr.o
 .debug_info    0x00000000      0x544 ..\obj\stm32f4xx_pwr.o
 .debug_abbrev  0x00000000      0x1c1 ..\obj\stm32f4xx_pwr.o
 .debug_loc     0x00000000      0x111 ..\obj\stm32f4xx_pwr.o
 .debug_aranges
                0x00000000       0x78 ..\obj\stm32f4xx_pwr.o
 .debug_ranges  0x00000000       0x68 ..\obj\stm32f4xx_pwr.o
 .debug_line    0x00000000      0x26b ..\obj\stm32f4xx_pwr.o
 .debug_str     0x00000000      0x3bc ..\obj\stm32f4xx_pwr.o
 .comment       0x00000000       0x71 ..\obj\stm32f4xx_pwr.o
 .ARM.attributes
                0x00000000       0x39 ..\obj\stm32f4xx_pwr.o
 .debug_frame   0x00000000       0xd8 ..\obj\stm32f4xx_pwr.o
 .text          0x00000000        0x0 ..\obj\startup_stm32f4xx.o
 .data          0x00000000        0x0 ..\obj\startup_stm32f4xx.o
 .bss           0x00000000        0x0 ..\obj\startup_stm32f4xx.o
 .text          0x00000000        0x0 ..\obj\main.o
 .data          0x00000000        0x0 ..\obj\main.o
 .bss           0x00000000        0x0 ..\obj\main.o
 .text          0x00000000        0x0 ..\obj\stm32f4xx_rcc.o
 .data          0x00000000       0x10 ..\obj\stm32f4xx_rcc.o
 .bss           0x00000000        0x0 ..\obj\stm32f4xx_rcc.o
 .text.RCC_DeInit
                0x00000000       0x34 ..\obj\stm32f4xx_rcc.o
 .text.RCC_HSEConfig
                0x00000000       0x10 ..\obj\stm32f4xx_rcc.o
 .text.RCC_AdjustHSICalibrationValue
                0x00000000       0x14 ..\obj\stm32f4xx_rcc.o
 .text.RCC_HSICmd
                0x00000000        0xc ..\obj\stm32f4xx_rcc.o
 .text.RCC_LSEConfig
                0x00000000       0x28 ..\obj\stm32f4xx_rcc.o
 .text.RCC_LSICmd
                0x00000000        0xc ..\obj\stm32f4xx_rcc.o
 .text.RCC_PLLConfig
                0x00000000       0x24 ..\obj\stm32f4xx_rcc.o
 .text.RCC_PLLCmd
                0x00000000        0xc ..\obj\stm32f4xx_rcc.o
 .text.RCC_PLLI2SConfig
                0x00000000       0x14 ..\obj\stm32f4xx_rcc.o
 .text.RCC_PLLI2SCmd
                0x00000000        0xc ..\obj\stm32f4xx_rcc.o
 .text.RCC_ClockSecuritySystemCmd
                0x00000000        0xc ..\obj\stm32f4xx_rcc.o
 .text.RCC_MCO1Config
                0x00000000       0x14 ..\obj\stm32f4xx_rcc.o
 .text.RCC_MCO2Config
                0x00000000       0x14 ..\obj\stm32f4xx_rcc.o
 .text.RCC_SYSCLKConfig
                0x00000000       0x14 ..\obj\stm32f4xx_rcc.o
 .text.RCC_GetSYSCLKSource
                0x00000000       0x10 ..\obj\stm32f4xx_rcc.o
 .text.RCC_HCLKConfig
                0x00000000       0x14 ..\obj\stm32f4xx_rcc.o
 .text.RCC_PCLK1Config
                0x00000000       0x14 ..\obj\stm32f4xx_rcc.o
 .text.RCC_PCLK2Config
                0x00000000       0x14 ..\obj\stm32f4xx_rcc.o
 .text.RCC_GetClocksFreq
                0x00000000       0xb8 ..\obj\stm32f4xx_rcc.o
 .text.RCC_RTCCLKConfig
                0x00000000       0x30 ..\obj\stm32f4xx_rcc.o
 .text.RCC_RTCCLKCmd
                0x00000000        0xc ..\obj\stm32f4xx_rcc.o
 .text.RCC_BackupResetCmd
                0x00000000        0xc ..\obj\stm32f4xx_rcc.o
 .text.RCC_I2SCLKConfig
                0x00000000        0xc ..\obj\stm32f4xx_rcc.o
 .text.RCC_AHB2PeriphClockCmd
                0x00000000       0x1c ..\obj\stm32f4xx_rcc.o
 .text.RCC_AHB3PeriphClockCmd
                0x00000000       0x1c ..\obj\stm32f4xx_rcc.o
 .text.RCC_APB1PeriphClockCmd
                0x00000000       0x1c ..\obj\stm32f4xx_rcc.o
 .text.RCC_APB2PeriphClockCmd
                0x00000000       0x1c ..\obj\stm32f4xx_rcc.o
 .text.RCC_AHB1PeriphResetCmd
                0x00000000       0x1c ..\obj\stm32f4xx_rcc.o
 .text.RCC_AHB2PeriphResetCmd
                0x00000000       0x1c ..\obj\stm32f4xx_rcc.o
 .text.RCC_AHB3PeriphResetCmd
                0x00000000       0x1c ..\obj\stm32f4xx_rcc.o
 .text.RCC_APB1PeriphResetCmd
                0x00000000       0x1c ..\obj\stm32f4xx_rcc.o
 .text.RCC_APB2PeriphResetCmd
                0x00000000       0x1c ..\obj\stm32f4xx_rcc.o
 .text.RCC_AHB1PeriphClockLPModeCmd
                0x00000000       0x1c ..\obj\stm32f4xx_rcc.o
 .text.RCC_AHB2PeriphClockLPModeCmd
                0x00000000       0x1c ..\obj\stm32f4xx_rcc.o
 .text.RCC_AHB3PeriphClockLPModeCmd
                0x00000000       0x1c ..\obj\stm32f4xx_rcc.o
 .text.RCC_APB1PeriphClockLPModeCmd
                0x00000000       0x1c ..\obj\stm32f4xx_rcc.o
 .text.RCC_APB2PeriphClockLPModeCmd
                0x00000000       0x1c ..\obj\stm32f4xx_rcc.o
 .text.RCC_ITConfig
                0x00000000       0x1c ..\obj\stm32f4xx_rcc.o
 .text.RCC_GetFlagStatus
                0x00000000       0x28 ..\obj\stm32f4xx_rcc.o
 .text.RCC_WaitForHSEStartUp
                0x00000000       0x34 ..\obj\stm32f4xx_rcc.o
 .text.RCC_ClearFlag
                0x00000000       0x10 ..\obj\stm32f4xx_rcc.o
 .text.RCC_GetITStatus
                0x00000000       0x14 ..\obj\stm32f4xx_rcc.o
 .text.RCC_ClearITPendingBit
                0x00000000        0xc ..\obj\stm32f4xx_rcc.o
 .text          0x00000000        0x0 ..\obj\stm32f4xx_gpio.o
 .data          0x00000000        0x0 ..\obj\stm32f4xx_gpio.o
 .bss           0x00000000        0x0 ..\obj\stm32f4xx_gpio.o
 .text.GPIO_DeInit
                0x00000000      0x104 ..\obj\stm32f4xx_gpio.o
 .text.GPIO_StructInit
                0x00000000       0x14 ..\obj\stm32f4xx_gpio.o
 .text.GPIO_PinLockConfig
                0x00000000       0x24 ..\obj\stm32f4xx_gpio.o
 .text.GPIO_ReadInputDataBit
                0x00000000        0xc ..\obj\stm32f4xx_gpio.o
 .text.GPIO_ReadInputData
                0x00000000        0x8 ..\obj\stm32f4xx_gpio.o
 .text.GPIO_ReadOutputDataBit
                0x00000000        0xc ..\obj\stm32f4xx_gpio.o
 .text.GPIO_ReadOutputData
                0x00000000        0x8 ..\obj\stm32f4xx_gpio.o
 .text.GPIO_SetBits
                0x00000000        0x4 ..\obj\stm32f4xx_gpio.o
 .text.GPIO_ResetBits
                0x00000000        0x4 ..\obj\stm32f4xx_gpio.o
 .text.GPIO_Write
                0x00000000        0x4 ..\obj\stm32f4xx_gpio.o
 .text.GPIO_ToggleBits
                0x00000000        0x8 ..\obj\stm32f4xx_gpio.o
 .text.GPIO_PinAFConfig
                0x00000000       0x28 ..\obj\stm32f4xx_gpio.o
 .text          0x00000000        0x0 ..\obj\system_stm32f4xx.o
 .bss           0x00000000        0x0 ..\obj\system_stm32f4xx.o
 .text          0x00000000        0x0 ..\obj\stm32f4xx_tim.o
 .data          0x00000000        0x0 ..\obj\stm32f4xx_tim.o
 .bss           0x00000000        0x0 ..\obj\stm32f4xx_tim.o
 .text.TI1_Config
                0x00000000       0x34 ..\obj\stm32f4xx_tim.o
 .text.TI2_Config
                0x00000000       0x3c ..\obj\stm32f4xx_tim.o
 .text.TIM_DeInit
                0x00000000      0x198 ..\obj\stm32f4xx_tim.o
 .text.TIM_TimeBaseInit
                0x00000000       0x88 ..\obj\stm32f4xx_tim.o
 .text.TIM_TimeBaseStructInit
                0x00000000       0x14 ..\obj\stm32f4xx_tim.o
 .text.TIM_PrescalerConfig
                0x00000000        0x8 ..\obj\stm32f4xx_tim.o
 .text.TIM_CounterModeConfig
                0x00000000       0x10 ..\obj\stm32f4xx_tim.o
 .text.TIM_SetCounter
                0x00000000        0x4 ..\obj\stm32f4xx_tim.o
 .text.TIM_SetAutoreload
                0x00000000        0x4 ..\obj\stm32f4xx_tim.o
 .text.TIM_GetCounter
                0x00000000        0x4 ..\obj\stm32f4xx_tim.o
 .text.TIM_GetPrescaler
                0x00000000        0x8 ..\obj\stm32f4xx_tim.o
 .text.TIM_UpdateDisableConfig
                0x00000000       0x1c ..\obj\stm32f4xx_tim.o
 .text.TIM_UpdateRequestConfig
                0x00000000       0x1c ..\obj\stm32f4xx_tim.o
 .text.TIM_ARRPreloadConfig
                0x00000000       0x1c ..\obj\stm32f4xx_tim.o
 .text.TIM_SelectOnePulseMode
                0x00000000       0x18 ..\obj\stm32f4xx_tim.o
 .text.TIM_SetClockDivision
                0x00000000       0x18 ..\obj\stm32f4xx_tim.o
 .text.TIM_Cmd  0x00000000       0x1c ..\obj\stm32f4xx_tim.o
 .text.TIM_OC1Init
                0x00000000       0x74 ..\obj\stm32f4xx_tim.o
 .text.TIM_OC2Init
                0x00000000       0x88 ..\obj\stm32f4xx_tim.o
 .text.TIM_OC3Init
                0x00000000       0x84 ..\obj\stm32f4xx_tim.o
 .text.TIM_OC4Init
                0x00000000       0x68 ..\obj\stm32f4xx_tim.o
 .text.TIM_OCStructInit
                0x00000000       0x14 ..\obj\stm32f4xx_tim.o
 .text.TIM_SelectOCxM
                0x00000000       0x54 ..\obj\stm32f4xx_tim.o
 .text.TIM_SetCompare1
                0x00000000        0x4 ..\obj\stm32f4xx_tim.o
 .text.TIM_SetCompare2
                0x00000000        0x4 ..\obj\stm32f4xx_tim.o
 .text.TIM_SetCompare3
                0x00000000        0x4 ..\obj\stm32f4xx_tim.o
 .text.TIM_SetCompare4
                0x00000000        0x4 ..\obj\stm32f4xx_tim.o
 .text.TIM_ForcedOC1Config
                0x00000000       0x10 ..\obj\stm32f4xx_tim.o
 .text.TIM_ForcedOC2Config
                0x00000000       0x14 ..\obj\stm32f4xx_tim.o
 .text.TIM_ForcedOC3Config
                0x00000000       0x10 ..\obj\stm32f4xx_tim.o
 .text.TIM_ForcedOC4Config
                0x00000000       0x14 ..\obj\stm32f4xx_tim.o
 .text.TIM_OC1PreloadConfig
                0x00000000       0x10 ..\obj\stm32f4xx_tim.o
 .text.TIM_OC2PreloadConfig
                0x00000000       0x14 ..\obj\stm32f4xx_tim.o
 .text.TIM_OC3PreloadConfig
                0x00000000       0x10 ..\obj\stm32f4xx_tim.o
 .text.TIM_OC4PreloadConfig
                0x00000000       0x14 ..\obj\stm32f4xx_tim.o
 .text.TIM_OC1FastConfig
                0x00000000       0x10 ..\obj\stm32f4xx_tim.o
 .text.TIM_OC2FastConfig
                0x00000000       0x14 ..\obj\stm32f4xx_tim.o
 .text.TIM_OC3FastConfig
                0x00000000       0x10 ..\obj\stm32f4xx_tim.o
 .text.TIM_OC4FastConfig
                0x00000000       0x14 ..\obj\stm32f4xx_tim.o
 .text.TIM_ClearOC1Ref
                0x00000000       0x10 ..\obj\stm32f4xx_tim.o
 .text.TIM_ClearOC2Ref
                0x00000000       0x10 ..\obj\stm32f4xx_tim.o
 .text.TIM_ClearOC3Ref
                0x00000000       0x10 ..\obj\stm32f4xx_tim.o
 .text.TIM_ClearOC4Ref
                0x00000000       0x10 ..\obj\stm32f4xx_tim.o
 .text.TIM_OC1PolarityConfig
                0x00000000       0x10 ..\obj\stm32f4xx_tim.o
 .text.TIM_OC1NPolarityConfig
                0x00000000       0x10 ..\obj\stm32f4xx_tim.o
 .text.TIM_OC2PolarityConfig
                0x00000000       0x14 ..\obj\stm32f4xx_tim.o
 .text.TIM_OC2NPolarityConfig
                0x00000000       0x14 ..\obj\stm32f4xx_tim.o
 .text.TIM_OC3PolarityConfig
                0x00000000       0x14 ..\obj\stm32f4xx_tim.o
 .text.TIM_OC3NPolarityConfig
                0x00000000       0x14 ..\obj\stm32f4xx_tim.o
 .text.TIM_OC4PolarityConfig
                0x00000000       0x14 ..\obj\stm32f4xx_tim.o
 .text.TIM_CCxCmd
                0x00000000       0x20 ..\obj\stm32f4xx_tim.o
 .text.TIM_CCxNCmd
                0x00000000       0x20 ..\obj\stm32f4xx_tim.o
 .text.TIM_ICStructInit
                0x00000000       0x10 ..\obj\stm32f4xx_tim.o
 .text.TIM_GetCapture1
                0x00000000        0x4 ..\obj\stm32f4xx_tim.o
 .text.TIM_GetCapture2
                0x00000000        0x4 ..\obj\stm32f4xx_tim.o
 .text.TIM_GetCapture3
                0x00000000        0x4 ..\obj\stm32f4xx_tim.o
 .text.TIM_GetCapture4
                0x00000000        0x4 ..\obj\stm32f4xx_tim.o
 .text.TIM_SetIC1Prescaler
                0x00000000       0x18 ..\obj\stm32f4xx_tim.o
 .text.TIM_SetIC2Prescaler
                0x00000000       0x1c ..\obj\stm32f4xx_tim.o
 .text.TIM_PWMIConfig
                0x00000000       0x6c ..\obj\stm32f4xx_tim.o
 .text.TIM_SetIC3Prescaler
                0x00000000       0x18 ..\obj\stm32f4xx_tim.o
 .text.TIM_SetIC4Prescaler
                0x00000000       0x1c ..\obj\stm32f4xx_tim.o
 .text.TIM_ICInit
                0x00000000       0xc4 ..\obj\stm32f4xx_tim.o
 .text.TIM_BDTRConfig
                0x00000000       0x24 ..\obj\stm32f4xx_tim.o
 .text.TIM_BDTRStructInit
                0x00000000       0x14 ..\obj\stm32f4xx_tim.o
 .text.TIM_CtrlPWMOutputs
                0x00000000       0x24 ..\obj\stm32f4xx_tim.o
 .text.TIM_SelectCOM
                0x00000000       0x1c ..\obj\stm32f4xx_tim.o
 .text.TIM_CCPreloadControl
                0x00000000       0x1c ..\obj\stm32f4xx_tim.o
 .text.TIM_ITConfig
                0x00000000       0x18 ..\obj\stm32f4xx_tim.o
 .text.TIM_GenerateEvent
                0x00000000        0x4 ..\obj\stm32f4xx_tim.o
 .text.TIM_GetFlagStatus
                0x00000000        0xc ..\obj\stm32f4xx_tim.o
 .text.TIM_ClearFlag
                0x00000000        0x8 ..\obj\stm32f4xx_tim.o
 .text.TIM_GetITStatus
                0x00000000       0x18 ..\obj\stm32f4xx_tim.o
 .text.TIM_ClearITPendingBit
                0x00000000        0x8 ..\obj\stm32f4xx_tim.o
 .text.TIM_DMAConfig
                0x00000000        0x8 ..\obj\stm32f4xx_tim.o
 .text.TIM_DMACmd
                0x00000000       0x18 ..\obj\stm32f4xx_tim.o
 .text.TIM_SelectCCDMA
                0x00000000       0x1c ..\obj\stm32f4xx_tim.o
 .text.TIM_InternalClockConfig
                0x00000000       0x10 ..\obj\stm32f4xx_tim.o
 .text.TIM_ITRxExternalClockConfig
                0x00000000       0x1c ..\obj\stm32f4xx_tim.o
 .text.TIM_TIxExternalClockConfig
                0x00000000       0x38 ..\obj\stm32f4xx_tim.o
 .text.TIM_SelectInputTrigger
                0x00000000       0x10 ..\obj\stm32f4xx_tim.o
 .text.TIM_SelectOutputTrigger
                0x00000000       0x18 ..\obj\stm32f4xx_tim.o
 .text.TIM_SelectSlaveMode
                0x00000000       0x18 ..\obj\stm32f4xx_tim.o
 .text.TIM_SelectMasterSlaveMode
                0x00000000       0x18 ..\obj\stm32f4xx_tim.o
 .text.TIM_ETRConfig
                0x00000000       0x18 ..\obj\stm32f4xx_tim.o
 .text.TIM_ETRClockMode1Config
                0x00000000       0x1c ..\obj\stm32f4xx_tim.o
 .text.TIM_ETRClockMode2Config
                0x00000000       0x14 ..\obj\stm32f4xx_tim.o
 .text.TIM_EncoderInterfaceConfig
                0x00000000       0x3c ..\obj\stm32f4xx_tim.o
 .text.TIM_SelectHallSensor
                0x00000000       0x1c ..\obj\stm32f4xx_tim.o
 .text.TIM_RemapConfig
                0x00000000        0x8 ..\obj\stm32f4xx_tim.o
 .debug_info    0x00000000     0x21b2 ..\obj\stm32f4xx_tim.o
 .debug_abbrev  0x00000000      0x277 ..\obj\stm32f4xx_tim.o
 .debug_loc     0x00000000     0x1b54 ..\obj\stm32f4xx_tim.o
 .debug_aranges
                0x00000000      0x2e8 ..\obj\stm32f4xx_tim.o
 .debug_ranges  0x00000000      0x2d8 ..\obj\stm32f4xx_tim.o
 .debug_line    0x00000000      0x96f ..\obj\stm32f4xx_tim.o
 .debug_str     0x00000000      0xe12 ..\obj\stm32f4xx_tim.o
 .comment       0x00000000       0x71 ..\obj\stm32f4xx_tim.o
 .ARM.attributes
                0x00000000       0x39 ..\obj\stm32f4xx_tim.o
 .debug_frame   0x00000000      0x650 ..\obj\stm32f4xx_tim.o

Memory Configuration

Name             Origin             Length             Attributes
rom              0x08000000         0x00100000         xr
ram              0x20000000         0x00020000         xrw
ram1             0x10000000         0x00010000         xrw
*default*        0x00000000         0xffffffff

Linker script and memory map

                0x20020000                _eram = 0x20020000

.text           0x08000000      0x508
 *(.isr_vector)
 .isr_vector    0x08000000      0x188 ..\obj\startup_stm32f4xx.o
                0x08000000                g_pfnVectors
 *(.text*)
 .text.Default_Handler
                0x08000188        0x4 ..\obj\startup_stm32f4xx.o
                0x08000188                RTC_Alarm_IRQHandler
                0x08000188                HASH_RNG_IRQHandler
                0x08000188                EXTI2_IRQHandler
                0x08000188                TIM8_CC_IRQHandler
                0x08000188                DebugMon_Handler
                0x08000188                TIM1_CC_IRQHandler
                0x08000188                DMA2_Stream5_IRQHandler
                0x08000188                HardFault_Handler
                0x08000188                DMA1_Stream5_IRQHandler
                0x08000188                PVD_IRQHandler
                0x08000188                SDIO_IRQHandler
                0x08000188                TAMP_STAMP_IRQHandler
                0x08000188                PendSV_Handler
                0x08000188                NMI_Handler
                0x08000188                CAN2_RX1_IRQHandler
                0x08000188                EXTI3_IRQHandler
                0x08000188                TIM8_TRG_COM_TIM14_IRQHandler
                0x08000188                TIM1_UP_TIM10_IRQHandler
                0x08000188                TIM8_UP_TIM13_IRQHandler
                0x08000188                I2C3_ER_IRQHandler
                0x08000188                EXTI0_IRQHandler
                0x08000188                I2C2_EV_IRQHandler
                0x08000188                DMA1_Stream2_IRQHandler
                0x08000188                CAN1_RX0_IRQHandler
                0x08000188                FPU_IRQHandler
                0x08000188                OTG_HS_WKUP_IRQHandler
                0x08000188                UsageFault_Handler
                0x08000188                CAN2_SCE_IRQHandler
                0x08000188                DMA2_Stream2_IRQHandler
                0x08000188                SPI1_IRQHandler
                0x08000188                TIM6_DAC_IRQHandler
                0x08000188                TIM1_BRK_TIM9_IRQHandler
                0x08000188                DCMI_IRQHandler
                0x08000188                CAN2_RX0_IRQHandler
                0x08000188                DMA2_Stream3_IRQHandler
                0x08000188                USART6_IRQHandler
                0x08000188                USART3_IRQHandler
                0x08000188                CRYP_IRQHandler
                0x08000188                CAN1_RX1_IRQHandler
                0x08000188                UART5_IRQHandler
                0x08000188                DMA2_Stream0_IRQHandler
                0x08000188                TIM4_IRQHandler
                0x08000188                I2C1_EV_IRQHandler
                0x08000188                DMA1_Stream6_IRQHandler
                0x08000188                DMA1_Stream1_IRQHandler
                0x08000188                UART4_IRQHandler
                0x08000188                TIM3_IRQHandler
                0x08000188                RCC_IRQHandler
                0x08000188                TIM8_BRK_TIM12_IRQHandler
                0x08000188                EXTI15_10_IRQHandler
                0x08000188                ADC_IRQHandler
                0x08000188                DMA1_Stream7_IRQHandler
                0x08000188                TIM7_IRQHandler
                0x08000188                CAN2_TX_IRQHandler
                0x08000188                TIM5_IRQHandler
                0x08000188                DMA2_Stream7_IRQHandler
                0x08000188                I2C3_EV_IRQHandler
                0x08000188                EXTI9_5_IRQHandler
                0x08000188                RTC_WKUP_IRQHandler
                0x08000188                ETH_WKUP_IRQHandler
                0x08000188                SPI2_IRQHandler
                0x08000188                OTG_HS_EP1_IN_IRQHandler
                0x08000188                MemManage_Handler
                0x08000188                DMA1_Stream0_IRQHandler
                0x08000188                CAN1_TX_IRQHandler
                0x08000188                SVC_Handler
                0x08000188                EXTI4_IRQHandler
                0x08000188                FSMC_IRQHandler
                0x08000188                ETH_IRQHandler
                0x08000188                OTG_HS_EP1_OUT_IRQHandler
                0x08000188                WWDG_IRQHandler
                0x08000188                TIM2_IRQHandler
                0x08000188                OTG_FS_WKUP_IRQHandler
                0x08000188                TIM1_TRG_COM_TIM11_IRQHandler
                0x08000188                OTG_HS_IRQHandler
                0x08000188                EXTI1_IRQHandler
                0x08000188                USART2_IRQHandler
                0x08000188                I2C2_ER_IRQHandler
                0x08000188                DMA2_Stream1_IRQHandler
                0x08000188                CAN1_SCE_IRQHandler
                0x08000188                FLASH_IRQHandler
                0x08000188                DMA2_Stream4_IRQHandler
                0x08000188                BusFault_Handler
                0x08000188                USART1_IRQHandler
                0x08000188                OTG_FS_IRQHandler
                0x08000188                SPI3_IRQHandler
                0x08000188                DMA1_Stream4_IRQHandler
                0x08000188                I2C1_ER_IRQHandler
                0x08000188                DMA2_Stream6_IRQHandler
                0x08000188                DMA1_Stream3_IRQHandler
 .text.Default_Reset_Handler
                0x0800018c       0x6c ..\obj\startup_stm32f4xx.o
                0x0800018c                Default_Reset_Handler
                0x0800018c                Reset_Handler
 .text.SysTick_Handler
                0x080001f8       0x10 ..\obj\main.o
                0x080001f8                SysTick_Handler
 .text.Delay    0x08000208       0x14 ..\obj\main.o
                0x08000208                Delay
 .text.init_GPIO
                0x0800021c       0x3c ..\obj\main.o
                0x0800021c                init_GPIO
 .text.main     0x08000258       0x6c ..\obj\main.o
                0x08000258                main
 .text.RCC_AHB1PeriphClockCmd
                0x080002c4       0x1c ..\obj\stm32f4xx_rcc.o
                0x080002c4                RCC_AHB1PeriphClockCmd
 .text.GPIO_Init
                0x080002e0       0x90 ..\obj\stm32f4xx_gpio.o
                0x080002e0                GPIO_Init
 .text.GPIO_WriteBit
                0x08000370        0xc ..\obj\stm32f4xx_gpio.o
                0x08000370                GPIO_WriteBit
 .text.SystemInit
                0x0800037c      0x100 ..\obj\system_stm32f4xx.o
                0x0800037c                SystemInit
 .text.SystemCoreClockUpdate
                0x0800047c       0x8c ..\obj\system_stm32f4xx.o
                0x0800047c                SystemCoreClockUpdate
 *(.init)
 *(.fini)
 *crtbegin.o(.ctors)
 *crtbegin?.o(.ctors)
 *(EXCLUDE_FILE(*crtend.o *crtend?.o) .ctors)
 *(SORT(.ctors.*))
 *(.ctors)
 *crtbegin.o(.dtors)
 *crtbegin?.o(.dtors)
 *(EXCLUDE_FILE(*crtend.o *crtend?.o) .dtors)
 *(SORT(.dtors.*))
 *(.dtors)
 *(.rodata*)
 *(.eh_fram e*)

.glue_7         0x08000508        0x0
 .glue_7        0x00000000        0x0 linker stubs

.glue_7t        0x08000508        0x0
 .glue_7t       0x00000000        0x0 linker stubs

.vfp11_veneer   0x08000508        0x0
 .vfp11_veneer  0x00000000        0x0 linker stubs

.v4_bx          0x08000508        0x0
 .v4_bx         0x00000000        0x0 linker stubs

.iplt           0x08000508        0x0
 .iplt          0x00000000        0x0 ..\obj\stm32f4xx_pwr.o

.rel.dyn        0x08000508        0x0
 .rel.iplt      0x00000000        0x0 ..\obj\stm32f4xx_pwr.o

.ARM.extab
 *(.ARM.extab* .gnu.linkonce.armextab.*)
                0x08000508                __exidx_start = .

.ARM.exidx
 *(.ARM.exidx* .gnu.linkonce.armexidx.*)
                0x08000508                __exidx_end = .
                0x08000508                __etext = .
                0x08000508                _sidata = __etext

.data           0x20000000       0x14 load address 0x08000508
                0x20000000                __data_start__ = .
                0x20000000                _sdata = __data_start__
 *(vtable)
 *(.data*)
 .data          0x20000000       0x14 ..\obj\system_stm32f4xx.o
                0x20000000                SystemCoreClock
                0x20000004                AHBPrescTable
                0x20000014                . = ALIGN (0x4)
                0x20000014                PROVIDE (__preinit_array_start, .)
 *(.preinit_array)
                0x20000014                PROVIDE (__preinit_array_end, .)
                0x20000014                . = ALIGN (0x4)
                0x20000014                PROVIDE (__init_array_start, .)
 *(SORT(.init_array.*))
 *(.init_array)
                0x20000014                PROVIDE (__init_array_end, .)
                0x20000014                . = ALIGN (0x4)
                0x20000014                PROVIDE (__fini_array_start, .)
 *(SORT(.fini_array.*))
 *(.fini_array)
                0x20000014                PROVIDE (__fini_array_end, .)
 *(.jcr*)
                0x20000014                . = ALIGN (0x4)
                0x20000014                __data_end__ = .
                0x20000014                _edata = __data_end__

.igot.plt       0x20000014        0x0 load address 0x0800051c
 .igot.plt      0x00000000        0x0 ..\obj\stm32f4xx_pwr.o

.bss            0x20000014        0x4 load address 0x0800051c
                0x20000014                . = ALIGN (0x4)
                0x20000014                __bss_start__ = .
                0x20000014                _sbss = __bss_start__
 *(.bss*)
 *(COMMON)
 COMMON         0x20000014        0x4 ..\obj\main.o
                0x20000014                msTicks
                0x20000018                . = ALIGN (0x4)
                0x20000018                __bss_end__ = .
                0x20000018                _ebss = __bss_end__

.heap           0x20000018        0x0
                0x20000018                __end__ = .
                0x20000018                _end = __end__
                0x20000018                end = __end__
 *(.heap*)
                0x20000018                __HeapLimit = .

.co_stack       0x20000018      0x800 load address 0x08000520
                0x20000018                . = ALIGN (0x8)
 *(.co_stack .co_stack.*)
 .co_stack      0x20000018      0x800 ..\obj\startup_stm32f4xx.o
                0x20000018                pulStack
                0x20020000                __StackTop = (ORIGIN (ram) + 0x20000)
                0x2001f800                __StackLimit = (__StackTop - SIZEOF (.co_stack))
                0x20020000                PROVIDE (__stack, __StackTop)
                0x00000001                ASSERT ((__StackLimit >= __HeapLimit), region ram  overflowed with stack)
LOAD ..\obj\stm32f4xx_pwr.o
LOAD ..\obj\startup_stm32f4xx.o
LOAD ..\obj\main.o
LOAD ..\obj\stm32f4xx_rcc.o
LOAD ..\obj\stm32f4xx_gpio.o
LOAD ..\obj\system_stm32f4xx.o
LOAD ..\obj\stm32f4xx_tim.o
START GROUP
LOAD c:/coocox/gcc/bin/../lib/gcc/arm-none-eabi/4.8.3/armv7e-m/fpu\libgcc.a
LOAD c:/coocox/gcc/bin/../lib/gcc/arm-none-eabi/4.8.3/../../../../arm-none-eabi/lib/armv7e-m/fpu\libg.a
LOAD c:/coocox/gcc/bin/../lib/gcc/arm-none-eabi/4.8.3/../../../../arm-none-eabi/lib/armv7e-m/fpu\libc.a
END GROUP
OUTPUT(nativeblinky.elf elf32-littlearm)

.debug_info     0x00000000     0x254f
 .debug_info    0x00000000      0x11a ..\obj\startup_stm32f4xx.o
 .debug_info    0x0000011a      0xa1c ..\obj\main.o
 .debug_info    0x00000b36      0xc8c ..\obj\stm32f4xx_rcc.o
 .debug_info    0x000017c2      0x7d6 ..\obj\stm32f4xx_gpio.o
 .debug_info    0x00001f98      0x5b7 ..\obj\system_stm32f4xx.o

.debug_abbrev   0x00000000      0x8c3
 .debug_abbrev  0x00000000       0xea ..\obj\startup_stm32f4xx.o
 .debug_abbrev  0x000000ea      0x28e ..\obj\main.o
 .debug_abbrev  0x00000378      0x209 ..\obj\stm32f4xx_rcc.o
 .debug_abbrev  0x00000581      0x1e3 ..\obj\stm32f4xx_gpio.o
 .debug_abbrev  0x00000764      0x15f ..\obj\system_stm32f4xx.o

.debug_loc      0x00000000      0xed4
 .debug_loc     0x00000000       0x22 ..\obj\startup_stm32f4xx.o
 .debug_loc     0x00000022       0x37 ..\obj\main.o
 .debug_loc     0x00000059      0xa8a ..\obj\stm32f4xx_rcc.o
 .debug_loc     0x00000ae3      0x2d2 ..\obj\stm32f4xx_gpio.o
 .debug_loc     0x00000db5      0x11f ..\obj\system_stm32f4xx.o

.debug_aranges  0x00000000      0x288
 .debug_aranges
                0x00000000       0x28 ..\obj\startup_stm32f4xx.o
 .debug_aranges
                0x00000028       0x38 ..\obj\main.o
 .debug_aranges
                0x00000060      0x178 ..\obj\stm32f4xx_rcc.o
 .debug_aranges
                0x000001d8       0x88 ..\obj\stm32f4xx_gpio.o
 .debug_aranges
                0x00000260       0x28 ..\obj\system_stm32f4xx.o

.debug_ranges   0x00000000      0x238
 .debug_ranges  0x00000000       0x18 ..\obj\startup_stm32f4xx.o
 .debug_ranges  0x00000018       0x28 ..\obj\main.o
 .debug_ranges  0x00000040      0x168 ..\obj\stm32f4xx_rcc.o
 .debug_ranges  0x000001a8       0x78 ..\obj\stm32f4xx_gpio.o
 .debug_ranges  0x00000220       0x18 ..\obj\system_stm32f4xx.o

.debug_line     0x00000000      0xb6d
 .debug_line    0x00000000       0x89 ..\obj\startup_stm32f4xx.o
 .debug_line    0x00000089      0x1f8 ..\obj\main.o
 .debug_line    0x00000281      0x4da ..\obj\stm32f4xx_rcc.o
 .debug_line    0x0000075b      0x2ba ..\obj\stm32f4xx_gpio.o
 .debug_line    0x00000a15      0x158 ..\obj\system_stm32f4xx.o

.debug_str      0x00000000     0x127a
 .debug_str     0x00000000      0x159 ..\obj\startup_stm32f4xx.o
                                0x16b (size before relaxing)
 .debug_str     0x00000159      0x910 ..\obj\main.o
                                0xa18 (size before relaxing)
 .debug_str     0x00000a69      0x63d ..\obj\stm32f4xx_rcc.o
                                0x864 (size before relaxing)
 .debug_str     0x000010a6      0x150 ..\obj\stm32f4xx_gpio.o
                                0x4de (size before relaxing)
 .debug_str     0x000011f6       0x84 ..\obj\system_stm32f4xx.o
                                0x3be (size before relaxing)

.comment        0x00000000       0x70
 .comment       0x00000000       0x70 ..\obj\startup_stm32f4xx.o
                                 0x71 (size before relaxing)
 .comment       0x00000000       0x71 ..\obj\main.o
 .comment       0x00000000       0x71 ..\obj\stm32f4xx_rcc.o
 .comment       0x00000000       0x71 ..\obj\stm32f4xx_gpio.o
 .comment       0x00000000       0x71 ..\obj\system_stm32f4xx.o

.ARM.attributes
                0x00000000       0x39
 .ARM.attributes
                0x00000000       0x39 ..\obj\startup_stm32f4xx.o
 .ARM.attributes
                0x00000039       0x39 ..\obj\main.o
 .ARM.attributes
                0x00000072       0x39 ..\obj\stm32f4xx_rcc.o
 .ARM.attributes
                0x000000ab       0x39 ..\obj\stm32f4xx_gpio.o
 .ARM.attributes
                0x000000e4       0x39 ..\obj\system_stm32f4xx.o

.debug_frame    0x00000000      0x4cc
 .debug_frame   0x00000000       0x38 ..\obj\startup_stm32f4xx.o
 .debug_frame   0x00000038       0x64 ..\obj\main.o
 .debug_frame   0x0000009c      0x2ec ..\obj\stm32f4xx_rcc.o
 .debug_frame   0x00000388      0x110 ..\obj\stm32f4xx_gpio.o
 .debug_frame   0x00000498       0x34 ..\obj\system_stm32f4xx.o
